// Jest Snapshot v1, https://goo.gl/fbAQLP

exports[`React Demo displays title in page 1`] = `
<h1>
  React Demo
</h1>
`;
